============================= test session starts =============================
platform win32 -- Python 3.13.7, pytest-9.0.2, pluggy-1.6.0 -- C:\Program Files\Python313\python.exe
cachedir: .pytest_cache
rootdir: C:\Users\shiva\OneDrive\Desktop\Meta Hackathon project
plugins: anyio-4.13.0
collecting ... collected 9 items

tests/test_grader.py::test_initial_score PASSED                          [ 11%]
tests/test_grader.py::test_reward_for_admit PASSED                       [ 22%]
tests/test_grader.py::test_penalty_for_death PASSED                      [ 33%]
tests/test_grader.py::test_terminal_score FAILED                         [ 44%]
tests/test_grader.py::test_normalization PASSED                          [ 55%]
tests/test_simulation.py::test_simulator_initialization PASSED           [ 66%]
tests/test_simulation.py::test_simulator_step PASSED                     [ 77%]
tests/test_simulation.py::test_admit_patient PASSED                      [ 88%]
tests/test_simulation.py::test_discharge_patient FAILED                  [100%]

================================== FAILURES ===================================
_____________________________ test_terminal_score _____________________________

grader = <hospital_bed_env.server.grader.RewardCalculator object at 0x000002ACA6478B00>
simulator = <hospital_bed_env.server.simulation.HospitalSimulator object at 0x000002ACA6478C30>

    def test_terminal_score(grader, simulator):
        # Set stats for terminal score
        grader.total_deaths = 0
        grader.utilizations = [0.75, 0.70] # Average in [0.65, 0.80]
        grader.sev9_delayed = 0
    
        terminal = grader.terminal_score(simulator)
>       assert terminal == 0.80 # 0.50 (zero deaths) + 0.20 (util) + 0.10 (sev9)
        ^^^^^^^^^^^^^^^^^^^^^^^
E       assert 0.7999999999999999 == 0.8

tests\test_grader.py:48: AssertionError
___________________________ test_discharge_patient ____________________________

simulator = <hospital_bed_env.server.simulation.HospitalSimulator object at 0x000002ACA6435480>

    def test_discharge_patient(simulator):
        # First admit someone
        patient = simulator.ed_queue[0]
        pid = patient.patient_id
        simulator.apply_decisions([PatientDecision(patient_id=pid, action="admit_general")])
    
        # Now discharge them
        simulator.apply_decisions([PatientDecision(patient_id=pid, action="discharge", discharge_patient_id=pid)])
>       assert pid not in simulator.admitted_patients
E       AssertionError: assert 'P1F80' not in {'P1F80': Patient(patient_id='P1F80', severity=5, condition='general', ward_required=<WardType.GENERAL: 'general'>, ward_current=<WardType.GENERAL: 'general'>, hours_waiting=0, outcome=<PatientOutcome.ADMITTED: 'admitted'>, steps_in_ward=0)}
E        +  where {'P1F80': Patient(patient_id='P1F80', severity=5, condition='general', ward_required=<WardType.GENERAL: 'general'>, ward_current=<WardType.GENERAL: 'general'>, hours_waiting=0, outcome=<PatientOutcome.ADMITTED: 'admitted'>, steps_in_ward=0)} = <hospital_bed_env.server.simulation.HospitalSimulator object at 0x000002ACA6435480>.admitted_patients

tests\test_simulation.py:53: AssertionError
=========================== short test summary info ===========================
FAILED tests/test_grader.py::test_terminal_score - assert 0.7999999999999999 ...
FAILED tests/test_simulation.py::test_discharge_patient - AssertionError: ass...
========================= 2 failed, 7 passed in 5.45s =========================
